JvmtiExport can_access_local_variables 0
JvmtiExport can_hotswap_or_post_breakpoint 0
JvmtiExport can_post_on_exceptions 0
# 266 ciObject found
instanceKlass com/mathworks/install_impl/usage/CustomerFacingUsageStrategy
instanceKlass com/mathworks/install/usage/UsageStrategy
instanceKlass com/mathworks/install_impl/usage/UsageStrategyFactory
instanceKlass com/mathworks/install_impl/InstallableProductImpl$InstallableComponentVisitor
instanceKlass org/jdom2/output/support/WalkerTRIM$1
instanceKlass org/jdom2/output/support/AbstractXMLOutputProcessor$1
instanceKlass org/jdom2/output/support/AbstractFormattedWalker$2
instanceKlass org/jdom2/ContentList$CLIterator
instanceKlass org/jdom2/output/support/AbstractFormattedWalker$MultiText
instanceKlass org/jdom2/output/support/AbstractFormattedWalker$1
instanceKlass org/jdom2/output/support/AbstractFormattedWalker
instanceKlass org/jdom2/output/support/AbstractOutputProcessor$1
instanceKlass org/jdom2/util/NamespaceStack$1
instanceKlass org/jdom2/util/NamespaceStack$EmptyIterable
instanceKlass org/jdom2/util/NamespaceStack
instanceKlass org/jdom2/output/support/FormatStack
instanceKlass org/jdom2/internal/SystemProperty
instanceKlass org/jdom2/output/Format$1
instanceKlass org/jdom2/output/Format$EscapeStrategy7Bits
instanceKlass org/jdom2/output/Format$EscapeStrategy8Bits
instanceKlass org/jdom2/output/Format$EscapeStrategyUTF
instanceKlass org/jdom2/output/EscapeStrategy
instanceKlass org/jdom2/output/Format
instanceKlass org/jdom2/output/support/Walker
instanceKlass org/jdom2/output/support/AbstractOutputProcessor
instanceKlass org/jdom2/output/support/XMLOutputProcessor
instanceKlass org/jdom2/output/XMLOutputter
instanceKlass com/mathworks/install_impl/ComponentContainerImpl$ComponentDataFlyweight
instanceKlass com/mathworks/install_impl/ProductImpl
instanceKlass com/mathworks/install_impl/UninstallerComponentContainerHandler
instanceKlass com/mathworks/install_impl/AbstractFileListParser
instanceKlass com/mathworks/install/FileListParser
instanceKlass com/google/gson/internal/ConstructorConstructor$8
instanceKlass com/google/gson/internal/JsonReaderInternalAccess
instanceKlass com/mathworks/install/OwningProductResponse
instanceKlass com/mathworks/install_impl/InstalledProductDataImpl$FileCollectionVisitor
instanceKlass com/mathworks/install_impl/InstalledProductDataImpl
instanceKlass com/mathworks/instutil/FolderUtilsImpl
instanceKlass com/mathworks/instutil/ParentFolderOperation
instanceKlass com/mathworks/instutil/FileIO
instanceKlass com/google/inject/internal/InjectorImpl$2$1
instanceKlass com/google/inject/internal/CircularDependencyProxy
instanceKlass com/google/inject/internal/ProviderToInternalFactoryAdapter$1
instanceKlass com/google/common/collect/TransformedIterator
instanceKlass com/google/common/collect/AbstractMapBasedMultimap$AsMap$AsMapIterator
instanceKlass com/google/inject/internal/InternalContext$DependencyStack
instanceKlass com/google/inject/internal/InternalContext
instanceKlass com/google/inject/internal/InternalInjectorCreator$1
instanceKlass com/google/common/collect/Iterators$ConcatenatedIterator
instanceKlass com/google/common/collect/FluentIterable
instanceKlass com/google/common/collect/Iterables
instanceKlass java/lang/reflect/WeakCache$LookupValue
instanceKlass com/google/inject/internal/InjectorImpl$2
instanceKlass com/mathworks/install/command/NativeDotNet
instanceKlass java/lang/ProcessBuilder
instanceKlass java/lang/Process
instanceKlass com/mathworks/instutil/licensefiles/LicenseFileLocation
instanceKlass com/mathworks/install/input/DeltaData
instanceKlass com/mathworks/install/input/ComponentData
instanceKlass com/mathworks/install/input/ProductData
instanceKlass com/mathworks/install/input/ComponentURLProvider
instanceKlass com/mathworks/install/input/InstallationInputFile
instanceKlass com/mathworks/install/udc/UdcResourceKey
instanceKlass com/mathworks/instutil/InstallerDownloadURLInfo
instanceKlass com/mathworks/install/InputStreamProvider
instanceKlass com/mathworks/install/input/Contents
instanceKlass com/google/inject/internal/cglib/core/$EmitUtils$16
instanceKlass com/google/inject/internal/cglib/core/$EmitUtils$15
instanceKlass java/lang/Deprecated
instanceKlass java/util/function/BiConsumer
instanceKlass java/io/ObjectOutput
instanceKlass com/google/inject/util/Types
instanceKlass com/mathworks/install_impl/ProductInstallerImpl$ComponentVisitor
instanceKlass com/mathworks/install/ComponentAggregator
instanceKlass com/mathworks/install_impl/XMLParserImpl
instanceKlass com/mathworks/install/XMLParser
instanceKlass com/mathworks/install/ComponentContainerHandler
instanceKlass sun/reflect/annotation/AnnotationInvocationHandler$1
instanceKlass com/google/inject/internal/DefaultConstructionProxyFactory$2
instanceKlass com/mathworks/install/input/ComponentSourceProvider
instanceKlass com/mathworks/install/InstallableComponent
instanceKlass com/mathworks/install/ComponentData
instanceKlass com/mathworks/install_impl/InstallableProductImpl
instanceKlass com/mathworks/install/InstallableProduct
instanceKlass com/google/inject/internal/SingleParameterInjector
instanceKlass com/google/inject/internal/DefaultConstructionProxyFactory$1
instanceKlass com/google/inject/internal/cglib/reflect/$FastMember
instanceKlass com/google/inject/internal/DefaultConstructionProxyFactory
instanceKlass com/google/inject/internal/ConstructorInjector
instanceKlass com/google/inject/internal/ConstructionProxy
instanceKlass com/google/inject/internal/cglib/proxy/$CallbackFilter
instanceKlass com/google/inject/internal/ProxyFactory
instanceKlass com/google/inject/internal/MembersInjectorImpl
instanceKlass com/google/inject/internal/EncounterImpl
instanceKlass com/google/inject/internal/ConstructorBindingImpl$Factory
instanceKlass com/google/inject/ProvidedBy
instanceKlass com/google/inject/ImplementedBy
instanceKlass com/google/inject/internal/ProvisionListenerStackCallback$ProvisionCallback
instanceKlass com/google/inject/internal/ProviderInternalFactory
instanceKlass com/google/inject/spi/ProvidesMethodTargetVisitor
instanceKlass com/google/inject/internal/ProvisionListenerStackCallback
instanceKlass com/google/inject/internal/ProvisionListenerCallbackStore$KeyBinding
instanceKlass com/google/inject/internal/InternalFactoryToProviderAdapter
instanceKlass com/google/inject/internal/CycleDetectingLock$CycleDetectingLockFactory$ReentrantCycleDetectingLock
instanceKlass com/google/inject/internal/ConstructionContext
instanceKlass com/google/inject/internal/SingletonScope$1
instanceKlass com/google/inject/internal/ProviderToInternalFactoryAdapter
instanceKlass com/google/inject/internal/FactoryProxy
instanceKlass com/google/inject/internal/util/Classes
instanceKlass com/google/inject/spi/ExposedBinding
instanceKlass com/google/inject/internal/CreationListener
instanceKlass com/google/inject/internal/InjectorShell$LoggerFactory
instanceKlass com/google/inject/internal/InjectorShell$InjectorFactory
instanceKlass com/google/inject/internal/Initializables$1
instanceKlass com/google/inject/internal/Initializables
instanceKlass com/google/inject/internal/ConstantFactory
instanceKlass com/google/inject/internal/InjectorShell
instanceKlass com/google/inject/internal/ProvisionListenerCallbackStore
instanceKlass com/google/inject/internal/SingleMemberInjector
instanceKlass com/google/inject/spi/TypeEncounter
instanceKlass com/google/inject/internal/MembersInjectorStore
instanceKlass com/google/inject/internal/TypeConverterBindingProcessor$4
instanceKlass com/google/inject/internal/TypeConverterBindingProcessor$2
instanceKlass com/google/inject/internal/TypeConverterBindingProcessor$1
instanceKlass com/google/inject/spi/TypeConverterBinding
instanceKlass com/google/inject/matcher/AbstractMatcher
instanceKlass com/google/inject/matcher/Matchers
instanceKlass com/google/inject/internal/TypeConverterBindingProcessor$5
instanceKlass com/google/inject/internal/ConstructionProxyFactory
instanceKlass com/google/inject/internal/FailableCache
instanceKlass com/google/inject/internal/ConstructorInjectorStore
instanceKlass com/google/inject/internal/DeferredLookups
instanceKlass com/google/inject/internal/InjectorImpl$BindingsMultimap
instanceKlass com/google/inject/spi/ProviderBinding
instanceKlass com/google/inject/spi/ConvertedConstantBinding
instanceKlass com/google/inject/internal/InjectorImpl
instanceKlass com/google/inject/internal/Lookups
instanceKlass com/google/inject/internal/InjectorImpl$InjectorOptions
instanceKlass com/google/inject/spi/DefaultBindingScopingVisitor
instanceKlass java/net/Proxy
instanceKlass com/mathworks/webproxy/ProxyConfigurationVisitor
instanceKlass com/mathworks/install_impl/InstalledProductFactory$InstallerWorkSpace$1$5
instanceKlass com/mathworks/instutil/IOObserver
instanceKlass com/mathworks/install_impl/InstalledProductFactory$InstallerWorkSpace$1$4
instanceKlass com/mathworks/install_impl/InstalledProductFactory$InstallerWorkSpace$1$3
instanceKlass com/mathworks/install/InstallFlowControlHandler
instanceKlass com/mathworks/install_impl/InstalledProductFactory$InstallerWorkSpace$1$2
instanceKlass com/mathworks/install/archive/Archive
instanceKlass com/mathworks/install_impl/InstalledProductFactory$InstallerWorkSpace$1$1
instanceKlass com/mathworks/instutil/DefaultSecurityOverrideImpl
instanceKlass sun/util/locale/provider/TimeZoneNameUtility$TimeZoneNameGetter
instanceKlass sun/util/locale/provider/TimeZoneNameUtility
instanceKlass java/util/logging/LogRecord
instanceKlass java/text/FieldPosition
instanceKlass com/mathworks/instutil/ResourceDefaultLocaleImpl
instanceKlass com/mathworks/instutil/ResourceLocale
instanceKlass com/mathworks/instutil/ResourceLocaleFactory
instanceKlass org/jdom2/ContentList$FilterListIterator
instanceKlass org/jdom2/filter/AbstractFilter
instanceKlass org/jdom2/internal/ArrayCopy
instanceKlass org/jdom2/filter/Filter
instanceKlass org/jdom2/Namespace
instanceKlass org/jdom2/Verifier
instanceKlass org/apache/xerces/parsers/AbstractSAXParser$LocatorProxy
instanceKlass org/xml/sax/ext/Locator2
instanceKlass sun/net/DefaultProgressMeteringPolicy
instanceKlass sun/net/ProgressMeteringPolicy
instanceKlass sun/net/ProgressMonitor
instanceKlass org/apache/xerces/util/URI
instanceKlass org/jdom2/input/sax/SAXBuilderEngine
instanceKlass org/jdom2/input/sax/BuilderErrorHandler
instanceKlass org/apache/xerces/impl/dv/SecuritySupport$3
instanceKlass org/apache/xerces/parsers/SecuritySupport$3
instanceKlass org/apache/xerces/jaxp/TeeXMLDocumentFilterImpl
instanceKlass org/apache/xerces/impl/xs/XMLSchemaValidator
instanceKlass org/apache/xerces/impl/xs/XSElementDeclHelper
instanceKlass org/apache/xerces/impl/xs/identity/FieldActivator
instanceKlass org/xml/sax/DocumentHandler
instanceKlass org/apache/xerces/jaxp/JAXPConstants
instanceKlass javax/xml/parsers/SAXParser
instanceKlass javax/xml/parsers/SecuritySupport$1
instanceKlass javax/xml/parsers/SecuritySupport$2
instanceKlass javax/xml/parsers/SecuritySupport
instanceKlass javax/xml/parsers/FactoryFinder
instanceKlass javax/xml/parsers/SAXParserFactory
instanceKlass org/jdom2/util/IteratorIterable
instanceKlass org/jdom2/input/sax/TextBuffer
instanceKlass org/jdom2/CloneBase
instanceKlass org/jdom2/Parent
instanceKlass org/jdom2/NamespaceAware
instanceKlass org/jdom2/input/sax/XMLReaders$FactorySupplier
instanceKlass org/jdom2/DefaultJDOMFactory
instanceKlass org/xml/sax/helpers/DefaultHandler
instanceKlass org/xml/sax/ext/DeclHandler
instanceKlass org/xml/sax/ext/LexicalHandler
instanceKlass org/jdom2/input/sax/DefaultSAXHandlerFactory
instanceKlass org/xml/sax/DTDHandler
instanceKlass org/jdom2/JDOMFactory
instanceKlass org/jdom2/input/sax/SAXHandlerFactory
instanceKlass org/jdom2/input/sax/XMLReaderJDOMFactory
instanceKlass org/jdom2/input/SAXBuilder
instanceKlass org/jdom2/input/sax/SAXEngine
instanceKlass com/mathworks/instutil/VersionInfo
instanceKlass sun/nio/fs/WindowsChannelFactory$Flags
instanceKlass sun/nio/fs/WindowsChannelFactory$1
instanceKlass sun/nio/fs/WindowsChannelFactory
instanceKlass java/nio/file/CopyOption
instanceKlass java/nio/file/OpenOption
instanceKlass sun/nio/fs/WindowsUriSupport
instanceKlass com/mathworks/instutil/logging/AbstractAppLogger
instanceKlass com/mathworks/instutil/ExecutorServiceManagerImpl
instanceKlass com/mathworks/webproxy/ProxyConfiguration
instanceKlass com/mathworks/instutil/Downloader
instanceKlass com/mathworks/instutil/ExecutorServiceManager
instanceKlass com/mathworks/install_impl/command/DotNetFrameworkImpl
instanceKlass com/mathworks/install/command/DotNetFramework
instanceKlass com/mathworks/instutil/RegistryImpl
instanceKlass com/mathworks/instutil/ProcessExecutorImpl
instanceKlass com/mathworks/instutil/ProcessExecutor
instanceKlass com/mathworks/instutil/MWNativeLibraryLoader
instanceKlass com/mathworks/instutil/logging/AppLogger
instanceKlass com/mathworks/instutil/WinTaskSchedulerImpl
instanceKlass com/mathworks/instutil/WinTaskScheduler
instanceKlass com/mathworks/instutil/licensefiles/LicenseLocationFactoryImpl
instanceKlass com/mathworks/instutil/licensefiles/LicenseLocationFactory
instanceKlass com/mathworks/install_impl/ApplicationSpecificCommandAdapter
instanceKlass com/mathworks/install/ApplicationSpecificCommand
instanceKlass com/mathworks/install_impl/InstallOptionProviderImpl
instanceKlass com/mathworks/install/InstallOptionProvider
instanceKlass com/mathworks/instutil/FilePermissionsUtil
instanceKlass com/mathworks/instutil/FilePermissions
instanceKlass com/mathworks/instutil/LocalizedHelpPathFinder
instanceKlass com/mathworks/instutil/SecurityOverride
instanceKlass com/mathworks/instutil/PlatformImpl
instanceKlass com/mathworks/install/CommandContainer
instanceKlass com/mathworks/instutil/LicenseNumberProvider
instanceKlass com/mathworks/install_impl/input/UpdateComponentContainerImpl
instanceKlass com/mathworks/install/UpdateComponentContainer
instanceKlass com/mathworks/install_impl/input/UpdateProductContainerImpl
instanceKlass com/mathworks/install/UpdateProductContainer
instanceKlass com/mathworks/install_impl/input/JSONInstallationFileParserImpl
instanceKlass com/mathworks/install/JSONInstallationFileParser
instanceKlass com/mathworks/install_impl/input/AbstractInstallationInputFileStrategy
instanceKlass com/mathworks/install/input/InstallationInputFileStrategy
instanceKlass com/mathworks/install_impl/input/InstallationInputFileFactoryImpl
instanceKlass com/mathworks/install/input/InstallationInputFileFactory
instanceKlass com/mathworks/install/input/ComponentSourceFactory
instanceKlass com/google/common/collect/AbstractMapBasedMultimap$WrappedCollection$WrappedIterator
instanceKlass sun/reflect/generics/reflectiveObjects/GenericArrayTypeImpl
instanceKlass sun/reflect/generics/tree/ArrayTypeSignature
instanceKlass com/google/inject/internal/MoreTypes$GenericArrayTypeImpl
instanceKlass com/google/inject/internal/MoreTypes$WildcardTypeImpl
instanceKlass com/google/inject/internal/MoreTypes$ParameterizedTypeImpl
instanceKlass com/google/inject/internal/MoreTypes$CompositeType
instanceKlass sun/reflect/generics/tree/VoidDescriptor
instanceKlass com/google/common/base/ExtraObjectsMethodsForWeb
instanceKlass com/google/inject/internal/asm/$Handler
instanceKlass com/google/inject/internal/cglib/reflect/$FastClassEmitter$4
instanceKlass com/google/inject/internal/cglib/core/$Block
instanceKlass com/google/inject/internal/cglib/core/$EmitUtils$14
instanceKlass com/google/inject/internal/cglib/core/$EmitUtils$13
instanceKlass com/google/inject/internal/cglib/core/$EmitUtils$12
instanceKlass com/google/inject/internal/cglib/core/$EmitUtils$11
instanceKlass com/google/inject/internal/cglib/core/$EmitUtils$10
instanceKlass com/google/inject/internal/cglib/reflect/$FastClassEmitter$GetIndexCallback
instanceKlass com/google/inject/internal/cglib/core/$MethodInfoTransformer
instanceKlass com/google/inject/internal/cglib/core/$EmitUtils$6
instanceKlass com/google/inject/internal/cglib/core/$EmitUtils$5
instanceKlass com/google/inject/internal/cglib/reflect/$FastClassEmitter$3
instanceKlass com/google/inject/internal/cglib/reflect/$FastClassEmitter$1
instanceKlass com/google/inject/internal/asm/$Context
instanceKlass com/google/inject/internal/asm/$Attribute
instanceKlass com/google/inject/internal/cglib/core/$ClassNameReader
instanceKlass com/google/inject/internal/asm/$ClassReader
instanceKlass com/google/inject/internal/cglib/core/$DebuggingClassWriter$1
instanceKlass com/google/inject/internal/cglib/core/$EmitUtils$9
instanceKlass com/google/inject/internal/cglib/core/$EmitUtils$8
instanceKlass com/google/inject/internal/cglib/core/$Local
instanceKlass com/google/inject/internal/cglib/core/$EmitUtils$7
instanceKlass com/google/inject/internal/asm/$Edge
instanceKlass com/google/inject/internal/cglib/core/$ClassEmitter$FieldInfo
instanceKlass com/google/inject/internal/cglib/core/$EmitUtils$ArrayDelimiters
instanceKlass com/google/inject/internal/cglib/core/$EmitUtils$ParameterTyper
instanceKlass com/google/inject/internal/cglib/core/$ProcessArrayCallback
instanceKlass com/google/inject/internal/cglib/core/$EmitUtils
instanceKlass com/google/inject/internal/cglib/core/$KeyFactory$2
instanceKlass com/google/inject/internal/cglib/core/$KeyFactory$1
instanceKlass com/google/inject/internal/cglib/core/$Customizer
instanceKlass com/google/inject/internal/cglib/core/$KeyFactory
instanceKlass com/google/inject/internal/cglib/core/$MethodWrapper$MethodWrapperKey
instanceKlass com/google/inject/internal/cglib/core/$MethodWrapper
instanceKlass com/google/inject/internal/cglib/core/$DuplicatesPredicate
instanceKlass com/google/inject/MembersInjector
instanceKlass com/google/inject/spi/ProvisionListener
instanceKlass com/google/inject/spi/TypeListener
instanceKlass com/google/inject/spi/TypeConverter
instanceKlass org/aopalliance/intercept/MethodInterceptor
instanceKlass org/aopalliance/intercept/Interceptor
instanceKlass org/aopalliance/aop/Advice
instanceKlass com/google/inject/matcher/Matcher
instanceKlass com/google/inject/spi/Message
instanceKlass java/lang/AssertionStatusDirectives
instanceKlass com/google/inject/internal/cglib/core/$ReflectUtils$2
instanceKlass com/google/inject/internal/cglib/core/$ReflectUtils$1
instanceKlass com/google/inject/internal/cglib/core/$ReflectUtils
instanceKlass com/google/inject/internal/cglib/core/$VisibilityPredicate
instanceKlass com/google/inject/internal/asm/$Frame
instanceKlass com/google/inject/internal/cglib/core/$LocalVariablesSorter$State
instanceKlass com/google/inject/internal/cglib/core/$MethodInfo
instanceKlass com/google/inject/internal/asm/$Label
instanceKlass com/google/inject/internal/cglib/core/$AbstractClassGenerator$1
instanceKlass com/google/inject/internal/cglib/core/$Constants
instanceKlass com/google/inject/internal/asm/$Opcodes
instanceKlass com/google/inject/internal/asm/$Type
instanceKlass com/google/inject/internal/cglib/core/$Signature
instanceKlass com/google/inject/internal/cglib/core/$CollectionUtils
instanceKlass com/google/inject/internal/cglib/core/$TypeUtils
instanceKlass com/google/inject/internal/cglib/core/$ProcessSwitchCallback
instanceKlass com/google/inject/internal/cglib/core/$ObjectSwitchCallback
instanceKlass com/google/inject/internal/cglib/core/$Transformer
instanceKlass com/google/inject/internal/cglib/core/$ClassInfo
instanceKlass com/google/inject/internal/asm/$Item
instanceKlass com/google/inject/internal/asm/$ByteVector
instanceKlass com/google/inject/internal/asm/$FieldVisitor
instanceKlass com/google/inject/internal/asm/$AnnotationVisitor
instanceKlass com/google/inject/internal/asm/$MethodVisitor
instanceKlass com/google/inject/internal/asm/$ClassVisitor
instanceKlass com/google/inject/internal/cglib/core/$DefaultGeneratorStrategy
instanceKlass com/google/inject/internal/cglib/reflect/$FastClass
instanceKlass com/google/inject/internal/cglib/core/$AbstractClassGenerator$Source
instanceKlass com/google/inject/internal/cglib/core/$Predicate
instanceKlass com/google/inject/internal/cglib/core/$GeneratorStrategy
instanceKlass com/google/inject/internal/cglib/core/$DefaultNamingPolicy
instanceKlass com/google/inject/internal/cglib/core/$AbstractClassGenerator
instanceKlass com/google/inject/internal/cglib/core/$ClassGenerator
instanceKlass com/google/inject/internal/cglib/core/$NamingPolicy
instanceKlass com/google/inject/internal/BytecodeGen
instanceKlass com/google/inject/Exposed
instanceKlass com/google/inject/internal/ProviderMethod
instanceKlass com/google/inject/spi/ProvidesMethodBinding
instanceKlass com/google/inject/spi/ProviderWithExtensionVisitor
instanceKlass com/google/inject/spi/ProviderLookup$1
instanceKlass com/google/inject/spi/ProviderWithDependencies
instanceKlass com/google/inject/spi/ProviderLookup
instanceKlass com/google/inject/spi/Dependency
instanceKlass com/google/inject/internal/Nullability
instanceKlass com/mathworks/install_impl/archive/zip/commonscompress/CommonsCompressArchiveFactory
instanceKlass com/mathworks/install/archive/ArchiveFactory
instanceKlass com/mathworks/install_impl/DefaultProductCorrelatorImpl
instanceKlass com/mathworks/install/ProductCorrelator
instanceKlass com/mathworks/install/udc/NoOpUsageDataCollectorImpl
instanceKlass com/mathworks/install/udc/UsageDataCollector
instanceKlass com/mathworks/install_impl/InstallerDownloadInfoContainerImpl
instanceKlass com/mathworks/install/InstallerDownloadInfoContainer
instanceKlass com/mathworks/install_impl/XMLParseStrategyForInstall
instanceKlass com/mathworks/install/XMLParseStrategy
instanceKlass com/mathworks/install_impl/ProductDownloaderImpl
instanceKlass com/mathworks/install/ProductDownloader
instanceKlass com/mathworks/install_impl/ContentOptimizerImpl
instanceKlass com/mathworks/install/ContentOptimizer
instanceKlass com/mathworks/install_impl/XMLInstallationFileParserImpl
instanceKlass com/mathworks/install/input/XMLInstallationFileParser
instanceKlass com/mathworks/install_impl/InstalledProductDataVersionImpl
instanceKlass com/mathworks/install/InstalledProductDataVersion
instanceKlass com/mathworks/install/AbstractInstallConfigurationPersistence
instanceKlass com/mathworks/install/service/ServiceFactory
instanceKlass com/mathworks/instutil/IO
instanceKlass com/mathworks/instutil/FolderUtils
instanceKlass com/mathworks/install/InstallConfigurationPersistence
instanceKlass com/mathworks/net/hyperlink/HyperlinkProvider
instanceKlass com/mathworks/instutil/OnlineLicensingDataProvider
instanceKlass com/mathworks/install/InstallerRequirements
instanceKlass com/mathworks/install/command/CommandFactory
instanceKlass com/mathworks/install/Product
instanceKlass com/mathworks/install/Installer
instanceKlass com/mathworks/install/SoftwareManager
instanceKlass com/mathworks/instutil/Platform
instanceKlass com/google/inject/util/Providers$ConstantProvider
instanceKlass com/google/inject/util/Providers
instanceKlass com/google/inject/Inject
instanceKlass javax/inject/Inject
instanceKlass com/google/inject/spi/InjectionPoint$InjectableMembers
instanceKlass com/google/inject/spi/InjectionPoint$InjectableMember
instanceKlass com/google/inject/spi/InjectionPoint
instanceKlass com/mathworks/install_impl/ProductInstallerImpl
instanceKlass com/mathworks/install_impl/status/InstallStatusObserverAdapter
instanceKlass javax/inject/Named
instanceKlass com/google/inject/Key$AnnotationInstanceStrategy
instanceKlass com/google/common/cache/LocalCache$StrongValueReference
instanceKlass com/google/common/util/concurrent/AbstractFuture$Failure
instanceKlass com/google/common/util/concurrent/AbstractFuture$Cancellation
instanceKlass com/google/common/util/concurrent/AbstractFuture$SetFuture
instanceKlass com/google/common/util/concurrent/Uninterruptibles
instanceKlass com/google/common/base/Stopwatch
instanceKlass com/google/common/util/concurrent/AbstractFuture$Waiter
instanceKlass com/google/common/util/concurrent/AbstractFuture$Listener
instanceKlass com/google/common/util/concurrent/AbstractFuture$UnsafeAtomicHelper$1
instanceKlass com/google/common/util/concurrent/AbstractFuture$AtomicHelper
instanceKlass com/google/common/util/concurrent/internal/InternalFutureFailureAccess
instanceKlass com/google/common/util/concurrent/AbstractFuture$Trusted
instanceKlass com/google/common/util/concurrent/ListenableFuture
instanceKlass javax/inject/Qualifier
instanceKlass com/google/inject/BindingAnnotation
instanceKlass javax/inject/Scope
instanceKlass com/google/inject/ScopeAnnotation
instanceKlass com/google/inject/internal/Annotations$AnnotationChecker
instanceKlass com/google/inject/internal/Annotations$3
instanceKlass com/google/common/base/Joiner$MapJoiner
instanceKlass com/google/common/base/Joiner
instanceKlass com/google/inject/internal/Annotations
instanceKlass com/google/inject/name/NamedImpl
instanceKlass com/google/inject/name/Named
instanceKlass com/google/inject/name/Names
instanceKlass com/mathworks/install/status/InstallStatusObserver
instanceKlass com/mathworks/install_impl/XMLParserFactoryImpl
instanceKlass com/mathworks/install/XMLParserFactory
instanceKlass com/mathworks/install_impl/ComponentInstallerImpl
instanceKlass com/mathworks/install/ComponentInstaller
instanceKlass com/mathworks/install_impl/ComponentContainerImpl
instanceKlass com/mathworks/install/ComponentContainer
instanceKlass com/mathworks/install_impl/ProductContainerImpl
instanceKlass com/google/inject/internal/Scoping
instanceKlass com/google/inject/internal/InternalFactory
instanceKlass com/google/inject/spi/LinkedKeyBinding
instanceKlass com/google/inject/spi/InstanceBinding
instanceKlass com/google/inject/spi/ProviderKeyBinding
instanceKlass com/google/inject/spi/ProviderInstanceBinding
instanceKlass com/google/inject/internal/DelayedInitialize
instanceKlass com/google/inject/spi/ConstructorBinding
instanceKlass com/google/inject/spi/HasDependencies
instanceKlass com/google/inject/spi/UntargettedBinding
instanceKlass com/google/inject/internal/BindingImpl
instanceKlass com/google/common/base/Suppliers$NonSerializableMemoizingSupplier$$Lambda$27
instanceKlass com/google/common/base/Suppliers$MemoizingSupplier
instanceKlass com/google/common/base/Suppliers$NonSerializableMemoizingSupplier
instanceKlass com/google/inject/Key$1
instanceKlass com/google/inject/Key$AnnotationStrategy
instanceKlass com/mathworks/install/ProductContainer
instanceKlass com/google/common/base/Optional
instanceKlass com/google/inject/Provides
instanceKlass com/google/inject/internal/ProviderMethodsModule$Signature
instanceKlass com/google/common/collect/ImmutableMap$Builder
instanceKlass com/google/inject/internal/MoreTypes
instanceKlass com/google/inject/TypeLiteral
instanceKlass com/google/inject/spi/ModuleAnnotatedMethodScanner
instanceKlass javax/inject/Singleton
instanceKlass com/google/inject/spi/ElementSource
instanceKlass com/google/inject/spi/ScopeBinding
instanceKlass com/google/inject/Scopes$2
instanceKlass com/google/inject/Scopes$1
instanceKlass com/google/common/collect/AbstractMapEntry
instanceKlass com/google/common/collect/LinkedHashMultimap$ValueSetLink
instanceKlass com/google/common/collect/CollectPreconditions
instanceKlass java/lang/StrictMath
instanceKlass com/google/common/collect/Platform
instanceKlass com/google/common/collect/AbstractMultimap
instanceKlass com/google/common/collect/SetMultimap
instanceKlass com/google/inject/internal/CycleDetectingLock
instanceKlass com/google/inject/internal/CycleDetectingLock$CycleDetectingLockFactory
instanceKlass com/google/inject/Provider
instanceKlass javax/inject/Provider
instanceKlass com/google/inject/internal/SingletonScope
instanceKlass com/google/inject/Scope
instanceKlass com/google/inject/Scopes
instanceKlass com/google/inject/Singleton
instanceKlass com/google/inject/spi/Elements$ModuleInfo
instanceKlass com/google/inject/PrivateModule
instanceKlass com/google/common/collect/MapMaker
instanceKlass com/google/inject/internal/util/StackTraceElements$InMemoryStackTraceElement
instanceKlass com/google/inject/internal/util/StackTraceElements
instanceKlass com/google/inject/spi/ModuleSource
instanceKlass com/google/inject/internal/InternalFlags$1
instanceKlass com/google/inject/internal/InternalFlags
instanceKlass com/google/inject/internal/ProviderMethodsModule
instanceKlass com/google/common/collect/Hashing
instanceKlass com/google/inject/internal/AbstractBindingBuilder
instanceKlass com/google/inject/binder/ConstantBindingBuilder
instanceKlass com/google/inject/binder/AnnotatedElementBuilder
instanceKlass com/google/inject/binder/AnnotatedBindingBuilder
instanceKlass com/google/inject/binder/LinkedBindingBuilder
instanceKlass com/google/inject/binder/ScopedBindingBuilder
instanceKlass com/google/inject/binder/AnnotatedConstantBindingBuilder
instanceKlass com/google/inject/spi/Elements$RecordingBinder
instanceKlass com/google/inject/PrivateBinder
instanceKlass com/google/inject/Binding
instanceKlass com/google/inject/spi/DefaultBindingTargetVisitor
instanceKlass com/google/inject/spi/BindingTargetVisitor
instanceKlass com/google/inject/spi/Elements
instanceKlass com/google/inject/internal/InjectorShell$RootModule
instanceKlass com/google/inject/internal/WeakKeySet$1
instanceKlass com/google/common/collect/Multiset
instanceKlass com/google/inject/internal/WeakKeySet
instanceKlass com/google/inject/internal/State$1
instanceKlass com/google/inject/internal/InheritingState
instanceKlass com/google/inject/internal/ProcessedBindingData
instanceKlass com/google/inject/spi/Element
instanceKlass com/google/inject/spi/DefaultElementVisitor
instanceKlass com/google/common/collect/Lists
instanceKlass com/google/inject/internal/State
instanceKlass com/google/inject/internal/InjectorShell$Builder
instanceKlass com/google/common/collect/Maps$EntryTransformer
instanceKlass com/google/common/collect/SortedMapDifference
instanceKlass com/google/common/collect/MapDifference
instanceKlass com/google/common/collect/ImmutableMap
instanceKlass com/google/common/base/Converter
instanceKlass com/google/common/collect/BiMap
instanceKlass com/google/common/collect/Maps
instanceKlass java/util/concurrent/CountDownLatch
instanceKlass com/google/inject/internal/Initializable
instanceKlass com/google/inject/internal/Initializer
instanceKlass com/google/common/collect/PeekingIterator
instanceKlass com/google/common/collect/Iterators
instanceKlass com/google/common/collect/ImmutableCollection$Builder
instanceKlass com/google/inject/internal/util/SourceProvider
instanceKlass com/google/common/collect/ObjectArrays
instanceKlass com/google/common/collect/UnmodifiableIterator
instanceKlass com/google/inject/Key
instanceKlass com/google/inject/internal/Errors$Converter
instanceKlass com/google/common/collect/Sets
instanceKlass com/google/inject/internal/Errors
instanceKlass com/google/inject/internal/util/Stopwatch
instanceKlass com/google/inject/internal/ContextualCallable
instanceKlass com/google/inject/Injector
instanceKlass com/google/inject/internal/InternalInjectorCreator
instanceKlass com/google/inject/Guice
instanceKlass com/google/inject/spi/BindingScopingVisitor
instanceKlass com/google/inject/Binder
instanceKlass com/mathworks/instutil/Machine
instanceKlass com/mathworks/instutil/Registry
instanceKlass com/mathworks/instutil/system/HostIdProvider
instanceKlass com/google/common/math/IntMath$1
instanceKlass com/google/common/math/MathPreconditions
instanceKlass com/google/common/math/IntMath
instanceKlass com/google/common/collect/ImmutableSet$SetBuilderImpl
instanceKlass com/google/inject/util/Modules$RealOverriddenModuleBuilder
instanceKlass com/google/inject/util/Modules$EmptyModule
instanceKlass com/mathworks/hg/util/JavaSystemScreenInfoProvider
instanceKlass com/mathworks/hg/util/AbstractSystemScreenInfoProvider
instanceKlass com/google/inject/util/Modules$OverriddenModuleBuilder
instanceKlass com/google/inject/spi/ElementVisitor
instanceKlass com/google/inject/util/Modules
instanceKlass com/mathworks/install/archive/zip/commonscompress/ArchiveEntryExtractor
instanceKlass com/mathworks/install/archive/ArchiveInputStreamExtractor
instanceKlass com/mathworks/install/archive/ArchiveFileExtractor
instanceKlass com/mathworks/install/InstallOption
instanceKlass com/mathworks/install/command/Command
instanceKlass com/mathworks/install_impl/InstallConfigurationAdapter
instanceKlass com/mathworks/instutil/MinimalProducts
instanceKlass com/mathworks/install/DownloaderBuilderFactory
instanceKlass com/mathworks/install/InstalledProductData
instanceKlass com/mathworks/install/DefaultDirectoryProvider
instanceKlass com/mathworks/install/InstallerBuilder
instanceKlass com/mathworks/install/SoftwareManagerBuilder
instanceKlass com/mathworks/install/InstallerFactory
instanceKlass com/mathworks/install/ProductInstaller
instanceKlass com/mathworks/install/InstallConfiguration
instanceKlass com/mathworks/install/InstalledProductDataFactory
instanceKlass com/google/inject/AbstractModule
instanceKlass com/google/inject/Module
instanceKlass com/mathworks/install_impl/InstalledProductFactory$InstallerWorkSpace
instanceKlass com/mathworks/install_impl/InstalledProductFactory$1
instanceKlass com/mathworks/install_impl/InstalledProductFactory$Task
instanceKlass com/mathworks/install_impl/InstalledProductFactory
instanceKlass com/mathworks/addons_product/ProductManagerUtils
instanceKlass com/mathworks/addons_product/MatlabDesktopStrategy
instanceKlass com/mathworks/addons_product/MatlabPlatformStrategyFactory
instanceKlass com/mathworks/addons_common/notificationframework/AddOnCollectionUtils$1
instanceKlass java/util/concurrent/SynchronousQueue$TransferStack$SNode
instanceKlass java/util/concurrent/SynchronousQueue$Transferer
instanceKlass com/mathworks/util/NamedDaemonThreadFactory
instanceKlass com/mathworks/addons_common/notificationframework/AddOnCollectionUtils
instanceKlass com/mathworks/addons_common/notificationframework/UnifiedUninstallerHelper$1
instanceKlass com/mathworks/addons_common/notificationframework/UnifiedUninstallerHelper
instanceKlass com/mathworks/addons_common/notificationframework/StartupCacheInitializationTask
instanceKlass com/mathworks/addons_toolbox/AddOnInstallationObserverAdapter
instanceKlass com/mathworks/addons_zip/tasks/AddOnInstallationObservers
instanceKlass com/mathworks/appmanagement/addons/AppManagerUtils
instanceKlass com/mathworks/addons_common/AddonCustomMetadata
instanceKlass java/nio/file/SimpleFileVisitor
instanceKlass java/nio/file/FileVisitor
instanceKlass com/mathworks/addons_zip/utils/ZipManagerUtils
instanceKlass com/mathworks/addons_zip/ZipManager
instanceKlass com/mathworks/supportsoftwarematlabmanagement/api/UninstallAPI
instanceKlass com/mathworks/install_task/BackgroundTask
instanceKlass com/mathworks/supportsoftwareinstaller/api/InstallAPI
instanceKlass com/mathworks/hwsmanagement/HwsManager
instanceKlass com/mathworks/supportsoftwareinstaller/addons/SupportSoftwareInstallerObserver
instanceKlass com/mathworks/addons_app/AppManager
instanceKlass com/mathworks/addons_common/DocumentationProvider
instanceKlass com/mathworks/addons_product/CommandBuilder
instanceKlass com/mathworks/services/lmgr/FeatureInfoList
instanceKlass com/mathworks/addons_product/ProductManager
instanceKlass com/mathworks/addons_mlconnector/MLConnectorManager
instanceKlass com/mathworks/toolboxmanagement/ToolboxContributedToolsLoader
instanceKlass com/mathworks/toolboxmanagement/ToolboxManagementObserverCollection
instanceKlass com/mathworks/toolboxmanagement/DefaultToolboxManagementObserver
instanceKlass com/mathworks/toolboxmanagement/ExecutorServiceFactory
instanceKlass com/mathworks/toolboxmanagement/CustomToolboxManager
instanceKlass com/mathworks/toolboxmanagement/ToolboxManagementObserver
instanceKlass com/mathworks/addons_toolbox/ToolboxManagerForAddOns
instanceKlass com/mathworks/addons_common/notificationframework/AddOnInstallationObserverImpl
instanceKlass com/mathworks/addons_common/notificationframework/InstalledAddOnsCache$LazyHolder
instanceKlass com/mathworks/addons_common/notificationframework/AddOnInstallationObserver
instanceKlass com/mathworks/addons_common/notificationframework/InstalledAddOnsCache
instanceKlass com/mathworks/addons/launchers/InitializeCacheAndRegisterAddonsAndAddSupportPackages
instanceKlass com/mathworks/services/settings/SettingLevel$1
instanceKlass com/mathworks/hg/peer/DebugUtilities$Logger$MyActionListener
instanceKlass javax/swing/plaf/basic/BasicScrollPaneUI$Handler
instanceKlass javax/swing/plaf/basic/BasicScrollBarUI$ScrollListener
instanceKlass javax/swing/plaf/basic/BasicScrollBarUI$Handler
instanceKlass javax/swing/plaf/basic/BasicScrollBarUI$ModelListener
instanceKlass com/sun/java/swing/plaf/windows/WindowsScrollBarUI$Grid
instanceKlass javax/swing/DefaultBoundedRangeModel
instanceKlass javax/swing/BoundedRangeModel
instanceKlass javax/swing/JScrollBar$ModelListener
instanceKlass javax/swing/ViewportLayout
instanceKlass javax/swing/ScrollPaneLayout
instanceKlass java/awt/Adjustable
instanceKlass com/mathworks/jmi/MatlabPath$CwdChangeWhenAtPrompt$1
instanceKlass com/mathworks/jmi/MatlabPath$CwdChangeWhenAtPrompt
instanceKlass com/mathworks/mwswing/MJPopupMenu$CloseListener
instanceKlass com/mathworks/mwswing/binding/InputMapActionListener
instanceKlass com/mathworks/mwswing/binding/DefaultKeyBindings
instanceKlass javax/swing/plaf/synth/SynthUI
instanceKlass javax/swing/plaf/synth/SynthConstants
instanceKlass javax/swing/text/JTextComponent$DefaultKeymap
instanceKlass javax/swing/text/Keymap
instanceKlass javax/swing/text/TabExpander
instanceKlass javax/swing/text/StyleContext$KeyEnumeration
instanceKlass javax/swing/text/GapContent$StickyPosition
instanceKlass javax/swing/text/Position
instanceKlass javax/swing/text/AbstractDocument$1
instanceKlass javax/swing/text/AbstractDocument$AbstractElement
instanceKlass javax/swing/tree/TreeNode
instanceKlass javax/swing/text/Element
instanceKlass java/util/Collections$3
instanceKlass javax/swing/text/StyleContext$SmallAttributeSet
instanceKlass java/util/Collections$EmptyEnumeration
instanceKlass javax/swing/text/StyleContext$NamedStyle
instanceKlass javax/swing/text/Style
instanceKlass javax/swing/text/SimpleAttributeSet$EmptyAttributeSet
instanceKlass javax/swing/text/SimpleAttributeSet
instanceKlass javax/swing/text/MutableAttributeSet
instanceKlass javax/swing/text/AttributeSet
instanceKlass javax/swing/text/StyleContext$FontKey
instanceKlass javax/swing/text/AttributeSet$ParagraphAttribute
instanceKlass javax/swing/text/AttributeSet$ColorAttribute
instanceKlass javax/swing/text/AttributeSet$FontAttribute
instanceKlass javax/swing/text/AttributeSet$CharacterAttribute
instanceKlass javax/swing/text/StyleConstants
instanceKlass javax/swing/text/StyleContext
instanceKlass javax/swing/text/AbstractDocument$AttributeContext
instanceKlass javax/swing/text/GapVector
instanceKlass javax/swing/text/AbstractDocument$Content
instanceKlass javax/swing/text/AbstractDocument
instanceKlass javax/swing/TransferHandler$TransferSupport
instanceKlass javax/swing/TransferHandler$DropHandler
instanceKlass java/awt/datatransfer/SystemFlavorMap$SoftCache
instanceKlass java/awt/datatransfer/SystemFlavorMap
instanceKlass java/awt/datatransfer/FlavorTable
instanceKlass java/awt/datatransfer/FlavorMap
instanceKlass java/awt/dnd/DropTargetContext
instanceKlass javax/swing/ClientPropertyKey$1
instanceKlass sun/awt/AWTAccessor$ClientPropertyKeyAccessor
instanceKlass javax/swing/text/DefaultHighlighter$SafeDamager
instanceKlass javax/swing/text/LayeredHighlighter$LayerPainter
instanceKlass javax/swing/text/Highlighter$HighlightPainter
instanceKlass javax/swing/text/Highlighter$Highlight
instanceKlass javax/swing/text/LayeredHighlighter
instanceKlass javax/swing/text/Highlighter
instanceKlass javax/swing/text/Document
instanceKlass javax/swing/text/DefaultCaret$Handler
instanceKlass java/awt/datatransfer/ClipboardOwner
instanceKlass javax/swing/text/Caret
instanceKlass javax/swing/plaf/basic/DragRecognitionSupport$BeforeDrag
instanceKlass javax/swing/plaf/basic/BasicTextUI$UpdateHandler
instanceKlass javax/swing/event/DocumentListener
instanceKlass javax/swing/text/View
instanceKlass javax/swing/text/Position$Bias
instanceKlass javax/swing/TransferHandler
instanceKlass java/awt/dnd/DragGestureRecognizer
instanceKlass javax/swing/text/JTextComponent$1
instanceKlass sun/swing/SwingAccessor$JTextComponentAccessor
instanceKlass com/mathworks/mwswing/CustomizablePopupMenu
instanceKlass com/mathworks/mwswing/window/MJFullWindowRegistry
instanceKlass com/google/gson/internal/$Gson$Types$GenericArrayTypeImpl
instanceKlass com/mathworks/mlwidgets/debug/DebugActions$2
instanceKlass javax/swing/LayoutComparator
instanceKlass java/util/function/IntUnaryOperator
instanceKlass java/util/function/IntToLongFunction
instanceKlass java/util/function/IntFunction
instanceKlass java/util/function/IntToDoubleFunction
instanceKlass java/util/function/BinaryOperator
instanceKlass java/util/function/LongBinaryOperator
instanceKlass java/util/function/IntBinaryOperator
instanceKlass java/util/function/DoubleBinaryOperator
instanceKlass java/util/stream/LongStream
instanceKlass java/util/stream/DoubleStream
instanceKlass java/util/stream/IntStream
instanceKlass java/util/Spliterator$OfDouble
instanceKlass java/util/Spliterator$OfInt
instanceKlass java/util/Spliterator$OfLong
instanceKlass java/util/Spliterator$OfPrimitive
instanceKlass javax/swing/SortingFocusTraversalPolicy$1
instanceKlass javax/swing/RepaintManager$PaintManager
instanceKlass javax/swing/JRootPane$RootLayout
instanceKlass com/mathworks/mwswing/MJFrame$FullScreenListener
instanceKlass com/mathworks/util/NativeEvent$Listener
instanceKlass com/mathworks/mwswing/binding/KeyBindingManagerRegistrant
instanceKlass com/mathworks/hg/peer/DebugUtilities$Logger
instanceKlass com/mathworks/mwswing/modality/ModalLevel
instanceKlass com/mathworks/mwswing/modality/ModalStackImpl
instanceKlass com/mathworks/mwswing/modality/ModalManagerImpl$ModalityManagerAWTEventListener
instanceKlass com/mathworks/mwswing/modality/ModalStack
instanceKlass com/mathworks/mwswing/modality/ModalManagerImpl
instanceKlass com/mathworks/mwswing/modality/ModalManager
instanceKlass com/mathworks/hg/peer/DebugUtilities$1
instanceKlass com/mathworks/hg/peer/DebugUtilities
instanceKlass com/mathworks/jmi/AWTUtilities$Synchronizer
instanceKlass com/mathworks/hg/peer/FigureRenderLocker
instanceKlass com/mathworks/hg/peer/FigurePeer$BreakpointDispatch$1
instanceKlass com/mathworks/pathdataservice/CurrentFolderData$MetaData
instanceKlass com/mathworks/pathdataservice/CurrentFolderInfo
instanceKlass com/mathworks/pathdataservice/CurrentFolderData
instanceKlass com/mathworks/pathdataservice/PathDataService$ListFolderResponse
instanceKlass com/mathworks/pathdataservice/PathDataService$NameSorter
instanceKlass com/mathworks/sourcecontrol/jscommunication/JavaScriptCommunicator$1
instanceKlass com/mathworks/pathdataservice/PathPropertiesProvider
instanceKlass com/mathworks/filesystem_adapter/services/filedataservice/FileDataService$1
instanceKlass com/mathworks/mde/find/matlabonline/FindFilesMLOnlineCommunicator$1
instanceKlass com/mathworks/mde/desk/ContributedToolsLoader$1
instanceKlass com/mathworks/mde/desk/ContributedToolsLoader
instanceKlass com/mathworks/toolstrip/factory/TSToolSet$Listener
instanceKlass com/mathworks/mde/desk/ToolsFetcher$3
instanceKlass com/mathworks/mde/desk/ToolsFetcher$2
instanceKlass com/mathworks/mde/desk/ToolsFetcher$1
instanceKlass com/mathworks/filesystem_adapter/services/actiondataservice/JSActionsSynchronizer$1
instanceKlass com/mathworks/filesystem_adapter/services/actiondataservice/JsActionIconsEncoder
instanceKlass com/mathworks/pathdataservice/PathDataService$1
instanceKlass com/mathworks/pathdataservice/PathDataService$$Lambda$26
instanceKlass java/nio/file/Paths
instanceKlass sun/nio/fs/BasicFileAttributesHolder
instanceKlass sun/nio/fs/WindowsDirectoryStream$WindowsDirectoryIterator
instanceKlass sun/nio/fs/WindowsFileAttributes
instanceKlass java/nio/file/attribute/DosFileAttributes
instanceKlass java/nio/file/attribute/BasicFileAttributes
instanceKlass sun/nio/fs/NativeBuffer$Deallocator
instanceKlass sun/nio/fs/NativeBuffer
instanceKlass sun/nio/fs/NativeBuffers
instanceKlass sun/nio/fs/WindowsNativeDispatcher$BackupResult
instanceKlass sun/nio/fs/WindowsNativeDispatcher$CompletionStatus
instanceKlass sun/nio/fs/WindowsNativeDispatcher$AclInformation
instanceKlass sun/nio/fs/WindowsNativeDispatcher$Account
instanceKlass sun/nio/fs/WindowsNativeDispatcher$DiskFreeSpace
instanceKlass sun/nio/fs/WindowsNativeDispatcher$VolumeInformation
instanceKlass sun/nio/fs/WindowsNativeDispatcher$FirstStream
instanceKlass sun/nio/fs/WindowsNativeDispatcher$FirstFile
instanceKlass sun/nio/fs/WindowsNativeDispatcher$1
instanceKlass sun/nio/fs/WindowsNativeDispatcher
instanceKlass sun/nio/fs/WindowsDirectoryStream
instanceKlass java/nio/file/DirectoryStream
instanceKlass java/nio/file/Files$AcceptAllFilter
instanceKlass java/nio/file/DirectoryStream$Filter
instanceKlass java/nio/file/Files
instanceKlass sun/nio/fs/AbstractPath
instanceKlass sun/nio/fs/Util
instanceKlass sun/nio/fs/WindowsPathParser$Result
instanceKlass sun/nio/fs/WindowsPathParser
instanceKlass java/nio/file/FileSystem
instanceKlass java/nio/file/spi/FileSystemProvider
instanceKlass sun/nio/fs/DefaultFileSystemProvider
instanceKlass java/nio/file/FileSystems$DefaultFileSystemHolder$1
instanceKlass java/nio/file/FileSystems$DefaultFileSystemHolder
instanceKlass java/nio/file/FileSystems
instanceKlass java/net/NetworkInterface$2
instanceKlass java/net/DefaultInterface
instanceKlass java/net/InterfaceAddress
instanceKlass java/net/NetworkInterface$1
instanceKlass java/net/NetworkInterface
instanceKlass sun/security/provider/ByteArrayAccess
instanceKlass sun/security/provider/SeedGenerator$1
instanceKlass sun/security/provider/SeedGenerator
instanceKlass sun/security/provider/SecureRandom$SeederHolder
instanceKlass sun/security/jca/GetInstance$Instance
instanceKlass java/security/MessageDigestSpi
instanceKlass sun/security/jca/GetInstance
instanceKlass java/security/SecureRandomSpi
instanceKlass java/security/Provider$UString
instanceKlass java/security/Provider$Service
instanceKlass sun/security/provider/NativePRNG$NonBlocking
instanceKlass sun/security/provider/NativePRNG$Blocking
instanceKlass sun/security/provider/NativePRNG
instanceKlass sun/security/provider/SunEntries$1
instanceKlass sun/security/provider/SunEntries
instanceKlass sun/security/jca/ProviderConfig$2
instanceKlass sun/security/jca/ProviderList$2
instanceKlass sun/misc/FDBigInteger
instanceKlass java/security/Provider$EngineDescription
instanceKlass java/security/Provider$ServiceKey
instanceKlass sun/security/jca/ProviderConfig
instanceKlass sun/security/jca/ProviderList
instanceKlass sun/security/jca/Providers
instanceKlass com/google/gson/internal/ConstructorConstructor$3
instanceKlass java/util/UUID$Holder
instanceKlass com/mathworks/addressbar_api/SimpleAddressBarPlugin
instanceKlass com/google/gson/internal/Primitives
instanceKlass com/google/gson/annotations/SerializedName
instanceKlass com/mathworks/storage/matlabdrivedesktop/NativeMatlabDriveAccess
instanceKlass com/mathworks/storage/matlabdrivedesktop/SettingsFeatureSwitch
instanceKlass com/google/gson/internal/UnsafeAllocator
instanceKlass com/google/gson/internal/ConstructorConstructor$14
instanceKlass com/google/gson/annotations/JsonAdapter
instanceKlass com/mathworks/pathdataservice/PathDataService$PathServiceMessage
instanceKlass com/mathworks/storage/matlabdrivedesktop/FeatureSwitch
instanceKlass com/mathworks/pathdataservice/PathDataService$5
instanceKlass com/mathworks/storage/matlabdrivedesktop/MatlabDriveAccess
instanceKlass com/mathworks/storage/matlabdrivedesktop/MatlabDriveAddressBarPlugin
instanceKlass com/mathworks/addressbar_api/AddressBarPluginManager$AddressBarPluginManagerHolder
instanceKlass com/mathworks/addressbar_api/AddressBarPluginManager
instanceKlass com/mathworks/pathdataservice/PathDataService$3
instanceKlass com/mathworks/pathdataservice/PathDataService$PathUpdateCallback
instanceKlass com/mathworks/pathdataservice/PathDataService$2
instanceKlass com/mathworks/matlab/api/explorer/FileLocation
instanceKlass com/mathworks/pathdataservice/PathDataService$4
instanceKlass com/mathworks/mlwidgets/explorer/model/MatlabPathModel$1
instanceKlass com/mathworks/mlwidgets/explorer/model/MatlabPathModel
instanceKlass com/mathworks/mlwidgets/explorer/model/WritablePathModel
instanceKlass com/mathworks/mlwidgets/explorer/model/PathModel
instanceKlass com/mathworks/filesystem_adapter/reports/ReportsMLOnlineCommunicator$1
instanceKlass com/mathworks/filesystem_adapter/services/filechooserservice/FileChooserService$1
instanceKlass com/mathworks/fileiconprovider/FileIconProvider$1
instanceKlass com/mathworks/filesystem_adapter/services/AddressBarFileDataService$1
instanceKlass com/mathworks/filesystem_adapter/services/validationService/ValidationService$1
instanceKlass java/util/Random
instanceKlass com/mathworks/pathdataservice/PathDataService
instanceKlass com/mathworks/fileiconprovider/FileIconProvider
instanceKlass com/mathworks/addons_common/InstalledAddon
instanceKlass com/mathworks/addons_product/MatlabOnlineStrategy
instanceKlass com/mathworks/addons_product/MatlabPlatformStrategy
instanceKlass com/mathworks/cmlink/management/cache/CMStatusCacheListener
instanceKlass com/mathworks/sourcecontrol/commitfiles/CacheReplacedListener
instanceKlass com/mathworks/sourcecontrol/jscommunication/JavaScriptCommunicator
instanceKlass com/mathworks/filesystem_adapter/reports/ReportsMLOnlineCommunicator
instanceKlass com/mathworks/filesystem_adapter/services/AddressBarFileDataService
instanceKlass com/mathworks/matlab/api/explorer/ActionInput
instanceKlass com/mathworks/filesystem_adapter/services/actiondataservice/JSActionsSynchronizer
instanceKlass com/mathworks/filesystem_adapter/services/filedataservice/FileDataService
instanceKlass com/mathworks/filesystem_adapter/services/filechooserservice/FileChooserService
instanceKlass com/mathworks/filesystem_adapter/services/validationService/ValidationService
instanceKlass com/mathworks/hwsmanagement/SpkgInMatlabOnlineUtils
instanceKlass com/mathworks/mde/find/matlabonline/FindFilesMLOnlineCommunicator
instanceKlass com/mathworks/addons/matlabonline/AddOnsOnWorker
instanceKlass com/mathworks/mde/explorer/JavaScriptCurrentFolderInstance
instanceKlass com/mathworks/mde/desk/MWDUtils
instanceKlass com/mathworks/mde/liveeditor/LiveEditorInitializationManager
instanceKlass com/mathworks/mde/editor/plugins/editordataservice/MatlabClientUtilities
instanceKlass com/mathworks/matlabserver/connector/impl/ConnectorLifecycleHelperImpl$1
instanceKlass com/mathworks/matlabserver/connector/api/ConnectorLifecycle
instanceKlass com/mathworks/mde/desk/ToolsFetcher$ToolData
instanceKlass com/mathworks/toolstrip/factory/TSToolSetContents$Tool
instanceKlass com/mathworks/mde/desk/ToolsFetcher$Handler
instanceKlass com/mathworks/jmi/MatlabWorker
instanceKlass com/mathworks/mde/desk/ToolsFetcher
instanceKlass com/mathworks/mde/editor/plugins/editordataservice/LegacyJavaExecutionFeature$1
instanceKlass com/mathworks/mde/editor/plugins/editordataservice/LegacyJavaExecutionFeature
instanceKlass com/mathworks/mde/editor/plugins/editordataservice/DbquitDialogService$$Lambda$25
instanceKlass com/mathworks/mde/editor/plugins/editordataservice/DbquitDialogService
instanceKlass com/mathworks/mde/editor/plugins/editordataservice/BusyIdleFeature$$Lambda$24
instanceKlass com/mathworks/mde/editor/plugins/editordataservice/BusyIdleFeature
instanceKlass com/mathworks/connector/message_service/bayeux/PublishRequest
instanceKlass com/google/gson/internal/LinkedTreeMap$LinkedTreeMapIterator
instanceKlass com/google/gson/internal/Streams
instanceKlass com/google/gson/internal/LinkedTreeMap$Node
instanceKlass com/google/gson/internal/LinkedTreeMap$1
instanceKlass com/google/gson/internal/ConstructorConstructor$13
instanceKlass java/util/concurrent/ConcurrentNavigableMap
instanceKlass com/mathworks/mde/editor/plugins/editordataservice/debug/DebuggerInstaller$8
instanceKlass com/mathworks/mde/editor/plugins/editordataservice/debug/DebuggerInstaller$7
instanceKlass com/mathworks/mde/editor/plugins/editordataservice/debug/DebuggerInstaller$6
instanceKlass com/mathworks/mde/editor/plugins/editordataservice/debug/DebuggerInstaller$4
instanceKlass com/mathworks/mde/editor/plugins/editordataservice/debug/DebuggerInstaller$2
instanceKlass com/mathworks/mde/editor/plugins/editordataservice/debug/DebuggerInstaller$9
instanceKlass com/mathworks/mde/editor/plugins/editordataservice/debug/DebuggerInstaller$5
instanceKlass com/mathworks/mde/editor/plugins/editordataservice/debug/DebuggerInstaller$3
instanceKlass com/mathworks/mlwidgets/stack/StackInfoRegistry$DBStackCallback
instanceKlass com/mathworks/mlwidgets/stack/StackInfoRegistry
instanceKlass com/mathworks/mde/editor/plugins/editordataservice/debug/DebuggerInstaller$StackCallback
instanceKlass com/mathworks/mde/editor/plugins/editordataservice/debug/DebuggerInstaller$10
instanceKlass com/mathworks/mde/editor/plugins/editordataservice/debug/DebuggerInstaller$1
instanceKlass com/mathworks/widgets/debug/DebuggerManager$DebuggerManagerStateListener
instanceKlass com/mathworks/mlwidgets/stack/StackInfoRegistry$StackInfoChange
instanceKlass com/mathworks/mde/editor/plugins/editordataservice/debug/DebuggerInstaller
instanceKlass com/mathworks/services/mlx/service/SerializationService$4
instanceKlass com/mathworks/services/mlx/service/SerializationService$3
instanceKlass com/mathworks/services/mlx/service/SerializationService$2
instanceKlass com/mathworks/services/mlx/service/SerializationService$1
instanceKlass com/mathworks/services/mlx/service/SerializationService
instanceKlass com/mathworks/mde/editor/plugins/editordataservice/MatlabExecutionService$2
instanceKlass com/mathworks/mde/editor/plugins/editordataservice/MatlabExecutionService$1
instanceKlass com/mathworks/mde/editor/plugins/editordataservice/MatlabExecutionService
instanceKlass com/mathworks/connector/message_service/impl/AbstractMessageService$Subscription
instanceKlass com/mathworks/messageservice/MessageUtils
instanceKlass com/mathworks/services/editordataservice/EditorDataServiceManager$3
instanceKlass com/mathworks/services/editordataservice/EditorDataServiceManager$SingletonHolder
instanceKlass com/mathworks/services/editordataservice/EditorDataServiceManager$1
instanceKlass com/mathworks/services/editordataservice/EditorDataServiceManager
instanceKlass com/mathworks/connector/client_services/UserManagerImpl$GetCurrentClientPropertiesResponse
instanceKlass com/mathworks/connector/client_services/UserManagerImpl$GetCurrentClientProperties
instanceKlass com/mathworks/connector/client_services/UserManagerImpl$GetCurrentEntitledProductsResponse
instanceKlass com/mathworks/connector/client_services/UserManagerImpl$GetCurrentEntitledProducts
instanceKlass com/mathworks/connector/client_services/UserManagerImpl$GetCurrentUserHomeDirResponse
instanceKlass com/mathworks/connector/client_services/UserManagerImpl$GetCurrentUserHomeDir
instanceKlass com/mathworks/connector/client_services/ClientBrowserServiceImpl$OpenWithBrowser
instanceKlass com/mathworks/connector/client_services/ClientEditorServiceImpl$OpenOrCreateInEditor
instanceKlass com/mathworks/connector/client_services/ClientEditorServiceImpl$OpenToLineInEditor
instanceKlass com/mathworks/matlabserver/connector/nonce/NewNonceResponse
instanceKlass com/mathworks/matlabserver/connector/nonce/NewNonce
instanceKlass com/mathworks/matlabserver/connector/nonce/ApplyNonceResponse
instanceKlass com/mathworks/matlabserver/connector/nonce/ApplyNonce
instanceKlass com/mathworks/matlabserver/connector/http/RemoveStaticContentPath
instanceKlass com/mathworks/matlabserver/connector/http/GetStaticContentPathResponse
instanceKlass com/mathworks/matlabserver/connector/http/GetStaticContentPath
instanceKlass com/mathworks/matlabserver/connector/http/AddStaticContentPathResponse
instanceKlass com/mathworks/matlabserver/connector/http/AddStaticContentPath
instanceKlass com/mathworks/matlabserver/workercommon/desktopservices/eval/WorkerEvalExecutionListener$MatlabExecutionStateReturnVal
instanceKlass com/mathworks/matlabserver/workercommon/desktopservices/eval/WorkerEvalExecutionListener
instanceKlass com/mathworks/connector/cosg/impl/CosgRegistryImpl$EchoResponse
instanceKlass com/mathworks/connector/cosg/impl/CosgRegistryImpl$EchoRequest
instanceKlass com/mathworks/connector/cosg/impl/CosgRegistryImpl$2
instanceKlass com/mathworks/connector/cosg/impl/CosgRegistryImpl$1
instanceKlass com/mathworks/connector/Promise
instanceKlass com/mathworks/connector/Future
instanceKlass com/mathworks/connector/cosg/CosgRegisterOpaqueType
instanceKlass com/mathworks/connector/cosg/impl/CosgRegistryImpl$CosgHandlerContainer
instanceKlass com/mathworks/matlabserver/workercommon/messageservices/matlabexecutionservices/MatlabExecutionStateResponseMessageDO
instanceKlass com/mathworks/matlabserver/workercommon/messageservices/matlabexecutionservices/MatlabExecutionStateRequestMessageDO
instanceKlass com/mathworks/cosg/CosgResponseWrapper
instanceKlass com/mathworks/matlab